Starting a Gradle Daemon (subsequent builds will be faster)
> Task :gradle-plugin:shared:checkKotlinGradlePluginConfigurationErrors SKIPPED
> Task :gradle-plugin:settings-plugin:checkKotlinGradlePluginConfigurationErrors SKIPPED
> Task :gradle-plugin:settings-plugin:pluginDescriptors UP-TO-DATE
> Task :gradle-plugin:settings-plugin:processResources UP-TO-DATE
> Task :gradle-plugin:shared:compileKotlin UP-TO-DATE
> Task :gradle-plugin:shared:compileJava NO-SOURCE
> Task :gradle-plugin:shared:processResources NO-SOURCE
> Task :gradle-plugin:shared:classes UP-TO-DATE
> Task :gradle-plugin:shared:jar UP-TO-DATE
> Task :gradle-plugin:settings-plugin:compileKotlin UP-TO-DATE
> Task :gradle-plugin:settings-plugin:compileJava NO-SOURCE
> Task :gradle-plugin:settings-plugin:classes UP-TO-DATE
> Task :gradle-plugin:settings-plugin:jar UP-TO-DATE
> Task :gradle-plugin:react-native-gradle-plugin:checkKotlinGradlePluginConfigurationErrors SKIPPED
> Task :gradle-plugin:react-native-gradle-plugin:compileKotlin UP-TO-DATE
> Task :gradle-plugin:react-native-gradle-plugin:compileJava NO-SOURCE
> Task :gradle-plugin:react-native-gradle-plugin:pluginDescriptors UP-TO-DATE
> Task :gradle-plugin:react-native-gradle-plugin:processResources UP-TO-DATE
> Task :gradle-plugin:react-native-gradle-plugin:classes UP-TO-DATE
> Task :gradle-plugin:react-native-gradle-plugin:jar UP-TO-DATE

> Configure project :notifee_react-native
:notifee_react-native @notifee/react-native found at /home/matt/OneDrive/AI/vibe/notifian/node_modules/@notifee/react-native
:notifee_react-native package.json found at /home/matt/OneDrive/AI/vibe/notifian/node_modules/@notifee/react-native/package.json
:notifee_react-native:version set from package.json: 9.1.3 (9,1,3 - 9001003)
:notifee_react-native:android.compileSdk using custom value: 35
:notifee_react-native:android.targetSdk using custom value: 35
:notifee_react-native:android.minSdk using custom value: 33
:notifee_react-native:reactNativeAndroidDir /home/matt/OneDrive/AI/vibe/notifian/node_modules/react-native/android

> Configure project :op-engineering_op-sqlite
[OP-SQLITE] Detected op-sqlite config from package.json at: /home/matt/OneDrive/AI/vibe/notifian/android/../package.json
[OP-SQLITE] Performance mode enabled! 🚀

> Task :react-native-background-fetch:preBuild UP-TO-DATE
> Task :react-native-file-access:preBuild UP-TO-DATE
> Task :react-native-battery-optimization-check:preBuild UP-TO-DATE
> Task :react-native-gesture-handler:preBuild UP-TO-DATE
> Task :react-native-orientation-locker:preBuild UP-TO-DATE
> Task :react-native-community_datetimepicker:preBuild UP-TO-DATE
> Task :react-native-safe-area-context:preBuild UP-TO-DATE
> Task :react-native-picker_picker:preBuild UP-TO-DATE
> Task :react-native-svg:preBuild UP-TO-DATE
> Task :react-native-vector-icons:preBuild UP-TO-DATE
> Task :react-native-documents_picker:preBuild UP-TO-DATE
> Task :react-native-picker_picker:preDebugBuild UP-TO-DATE
> Task :react-native-orientation-locker:preDebugBuild UP-TO-DATE
> Task :react-native-background-fetch:preDebugBuild UP-TO-DATE
> Task :react-native-community_datetimepicker:preDebugBuild UP-TO-DATE
> Task :react-native-svg:preDebugBuild UP-TO-DATE
> Task :notifee_react-native:preBuild UP-TO-DATE
> Task :react-native-gesture-handler:preDebugBuild UP-TO-DATE
> Task :react-native-battery-optimization-check:preDebugBuild UP-TO-DATE
> Task :react-native-safe-area-context:preDebugBuild UP-TO-DATE
> Task :react-native-vector-icons:preDebugBuild UP-TO-DATE
> Task :react-native-documents_picker:preDebugBuild UP-TO-DATE
> Task :notifee_react-native:preDebugBuild UP-TO-DATE
> Task :react-native-file-access:preDebugBuild UP-TO-DATE
> Task :react-native-background-fetch:writeDebugAarMetadata UP-TO-DATE
> Task :react-native-orientation-locker:writeDebugAarMetadata UP-TO-DATE
> Task :react-native-community_datetimepicker:writeDebugAarMetadata UP-TO-DATE
> Task :react-native-picker_picker:writeDebugAarMetadata UP-TO-DATE
> Task :notifee_react-native:writeDebugAarMetadata UP-TO-DATE
> Task :react-native-battery-optimization-check:writeDebugAarMetadata UP-TO-DATE
> Task :react-native-svg:writeDebugAarMetadata UP-TO-DATE
> Task :react-native-safe-area-context:writeDebugAarMetadata UP-TO-DATE
> Task :react-native-gesture-handler:writeDebugAarMetadata UP-TO-DATE
> Task :react-native-vector-icons:writeDebugAarMetadata UP-TO-DATE
> Task :react-native-file-access:writeDebugAarMetadata UP-TO-DATE
> Task :react-native-documents_picker:writeDebugAarMetadata UP-TO-DATE
> Task :react-native-background-fetch:generateDebugResValues UP-TO-DATE
> Task :op-engineering_op-sqlite:generateCodegenSchemaFromJavaScript UP-TO-DATE
> Task :react-native-safe-area-context:generateDebugResValues UP-TO-DATE
> Task :react-native-gesture-handler:generateDebugResValues UP-TO-DATE
> Task :notifee_react-native:generateDebugResValues UP-TO-DATE
> Task :react-native-battery-optimization-check:generateDebugResValues UP-TO-DATE
> Task :react-native-picker_picker:generateDebugResValues UP-TO-DATE
> Task :react-native-community_datetimepicker:generateDebugResValues UP-TO-DATE
> Task :react-native-orientation-locker:generateDebugResValues UP-TO-DATE
> Task :react-native-file-access:generateDebugResValues UP-TO-DATE
> Task :app:generateAutolinkingPackageList UP-TO-DATE
> Task :react-native-vector-icons:generateDebugResValues UP-TO-DATE
> Task :react-native-svg:generateDebugResValues UP-TO-DATE
> Task :react-native-documents_picker:generateDebugResValues UP-TO-DATE
> Task :react-native-safe-area-context:generateDebugResources UP-TO-DATE
> Task :react-native-community_datetimepicker:generateDebugResources UP-TO-DATE
> Task :react-native-background-fetch:generateDebugResources UP-TO-DATE
> Task :app:generateCodegenSchemaFromJavaScript SKIPPED
> Task :react-native-battery-optimization-check:generateDebugResources UP-TO-DATE
> Task :react-native-picker_picker:generateDebugResources UP-TO-DATE
> Task :react-native-gesture-handler:generateDebugResources UP-TO-DATE
> Task :react-native-orientation-locker:generateDebugResources UP-TO-DATE
> Task :notifee_react-native:generateDebugResources UP-TO-DATE
> Task :react-native-file-access:generateDebugResources UP-TO-DATE
> Task :app:generateCodegenArtifactsFromSchema SKIPPED
> Task :react-native-vector-icons:generateDebugResources UP-TO-DATE
> Task :op-engineering_op-sqlite:generateCodegenArtifactsFromSchema UP-TO-DATE
> Task :app:preBuild UP-TO-DATE
> Task :react-native-svg:generateDebugResources UP-TO-DATE
> Task :react-native-documents_picker:generateDebugResources UP-TO-DATE
> Task :app:preDebugBuild UP-TO-DATE
> Task :react-native-safe-area-context:packageDebugResources UP-TO-DATE
> Task :app:mergeDebugNativeDebugMetadata NO-SOURCE
> Task :app:checkKotlinGradlePluginConfigurationErrors SKIPPED
> Task :react-native-file-access:packageDebugResources UP-TO-DATE
> Task :react-native-vector-icons:extractDeepLinksDebug UP-TO-DATE
> Task :react-native-svg:extractDeepLinksDebug UP-TO-DATE
> Task :react-native-background-fetch:extractDeepLinksDebug UP-TO-DATE
> Task :react-native-documents_picker:extractDeepLinksDebug UP-TO-DATE
> Task :react-native-safe-area-context:extractDeepLinksDebug UP-TO-DATE
> Task :react-native-community_datetimepicker:packageDebugResources UP-TO-DATE
> Task :react-native-battery-optimization-check:packageDebugResources UP-TO-DATE
> Task :notifee_react-native:packageDebugResources UP-TO-DATE
> Task :react-native-picker_picker:packageDebugResources UP-TO-DATE
> Task :react-native-orientation-locker:packageDebugResources UP-TO-DATE
> Task :react-native-gesture-handler:packageDebugResources UP-TO-DATE
> Task :react-native-file-access:extractDeepLinksDebug UP-TO-DATE
> Task :react-native-gesture-handler:extractDeepLinksDebug UP-TO-DATE
> Task :op-engineering_op-sqlite:prepareHeaders UP-TO-DATE
> Task :app:generateDebugBuildConfig UP-TO-DATE
> Task :notifee_react-native:extractDeepLinksDebug UP-TO-DATE
> Task :op-engineering_op-sqlite:preBuild UP-TO-DATE
> Task :react-native-vector-icons:packageDebugResources UP-TO-DATE
> Task :react-native-documents_picker:packageDebugResources UP-TO-DATE
> Task :react-native-orientation-locker:extractDeepLinksDebug UP-TO-DATE
> Task :op-engineering_op-sqlite:preDebugBuild UP-TO-DATE
> Task :react-native-picker_picker:extractDeepLinksDebug UP-TO-DATE
> Task :react-native-background-fetch:packageDebugResources UP-TO-DATE
> Task :react-native-community_datetimepicker:extractDeepLinksDebug UP-TO-DATE
> Task :react-native-battery-optimization-check:extractDeepLinksDebug UP-TO-DATE
> Task :react-native-file-access:processDebugManifest UP-TO-DATE
> Task :op-engineering_op-sqlite:writeDebugAarMetadata UP-TO-DATE
> Task :app:generateDebugResValues UP-TO-DATE
> Task :react-native-svg:packageDebugResources UP-TO-DATE
> Task :react-native-safe-area-context:processDebugManifest UP-TO-DATE
> Task :op-engineering_op-sqlite:generateDebugResValues UP-TO-DATE
> Task :react-native-file-access:compileDebugLibraryResources UP-TO-DATE
> Task :react-native-gesture-handler:processDebugManifest UP-TO-DATE
> Task :notifee_react-native:processDebugManifest UP-TO-DATE
> Task :react-native-orientation-locker:processDebugManifest UP-TO-DATE
> Task :react-native-documents_picker:processDebugManifest UP-TO-DATE
> Task :react-native-picker_picker:processDebugManifest UP-TO-DATE
> Task :react-native-community_datetimepicker:processDebugManifest UP-TO-DATE
> Task :react-native-background-fetch:processDebugManifest UP-TO-DATE
> Task :react-native-battery-optimization-check:processDebugManifest UP-TO-DATE
> Task :react-native-vector-icons:processDebugManifest UP-TO-DATE
> Task :react-native-safe-area-context:compileDebugLibraryResources UP-TO-DATE
> Task :op-engineering_op-sqlite:generateDebugResources UP-TO-DATE
> Task :react-native-svg:processDebugManifest UP-TO-DATE
> Task :notifee_react-native:compileDebugLibraryResources UP-TO-DATE
> Task :react-native-gesture-handler:compileDebugLibraryResources UP-TO-DATE
> Task :react-native-documents_picker:compileDebugLibraryResources UP-TO-DATE
> Task :react-native-community_datetimepicker:compileDebugLibraryResources UP-TO-DATE
> Task :react-native-orientation-locker:compileDebugLibraryResources UP-TO-DATE
> Task :react-native-svg:compileDebugLibraryResources UP-TO-DATE
> Task :react-native-picker_picker:compileDebugLibraryResources UP-TO-DATE
> Task :react-native-vector-icons:compileDebugLibraryResources UP-TO-DATE
> Task :react-native-battery-optimization-check:compileDebugLibraryResources UP-TO-DATE
> Task :react-native-background-fetch:compileDebugLibraryResources UP-TO-DATE
> Task :notifee_react-native:parseDebugLocalResources UP-TO-DATE
> Task :react-native-svg:parseDebugLocalResources UP-TO-DATE
> Task :react-native-documents_picker:parseDebugLocalResources UP-TO-DATE
> Task :op-engineering_op-sqlite:packageDebugResources UP-TO-DATE
> Task :react-native-file-access:parseDebugLocalResources UP-TO-DATE
> Task :react-native-orientation-locker:parseDebugLocalResources UP-TO-DATE
> Task :react-native-vector-icons:parseDebugLocalResources UP-TO-DATE
> Task :react-native-community_datetimepicker:parseDebugLocalResources UP-TO-DATE
> Task :react-native-gesture-handler:parseDebugLocalResources UP-TO-DATE
> Task :react-native-background-fetch:parseDebugLocalResources UP-TO-DATE
> Task :react-native-battery-optimization-check:parseDebugLocalResources UP-TO-DATE
> Task :react-native-picker_picker:parseDebugLocalResources UP-TO-DATE
> Task :react-native-documents_picker:generateDebugRFile UP-TO-DATE
> Task :notifee_react-native:generateDebugRFile UP-TO-DATE
> Task :op-engineering_op-sqlite:extractDeepLinksDebug UP-TO-DATE
> Task :react-native-battery-optimization-check:generateDebugRFile UP-TO-DATE
> Task :react-native-community_datetimepicker:generateDebugRFile UP-TO-DATE
> Task :react-native-file-access:generateDebugRFile UP-TO-DATE
> Task :react-native-documents_picker:checkKotlinGradlePluginConfigurationErrors SKIPPED
> Task :react-native-gesture-handler:generateDebugRFile UP-TO-DATE
> Task :react-native-background-fetch:generateDebugRFile UP-TO-DATE
> Task :react-native-svg:generateDebugRFile UP-TO-DATE
> Task :react-native-picker_picker:generateDebugRFile UP-TO-DATE
> Task :react-native-vector-icons:generateDebugRFile UP-TO-DATE
> Task :notifee_react-native:generateDebugBuildConfig UP-TO-DATE
> Task :react-native-background-fetch:generateDebugBuildConfig UP-TO-DATE
> Task :op-engineering_op-sqlite:processDebugManifest UP-TO-DATE
> Task :react-native-file-access:checkKotlinGradlePluginConfigurationErrors SKIPPED
> Task :react-native-community_datetimepicker:generateDebugBuildConfig UP-TO-DATE
> Task :react-native-svg:generateDebugBuildConfig UP-TO-DATE
> Task :react-native-battery-optimization-check:generateDebugBuildConfig UP-TO-DATE
> Task :react-native-documents_picker:generateDebugBuildConfig UP-TO-DATE
> Task :react-native-gesture-handler:checkKotlinGradlePluginConfigurationErrors SKIPPED
> Task :react-native-file-access:generateDebugBuildConfig UP-TO-DATE
> Task :react-native-background-fetch:javaPreCompileDebug UP-TO-DATE
> Task :react-native-vector-icons:generateDebugBuildConfig UP-TO-DATE
> Task :react-native-svg:javaPreCompileDebug UP-TO-DATE
> Task :notifee_react-native:javaPreCompileDebug UP-TO-DATE
> Task :op-engineering_op-sqlite:compileDebugLibraryResources UP-TO-DATE
> Task :react-native-battery-optimization-check:javaPreCompileDebug UP-TO-DATE
> Task :react-native-gesture-handler:generateDebugBuildConfig UP-TO-DATE
> Task :react-native-picker_picker:generateDebugBuildConfig UP-TO-DATE
> Task :react-native-orientation-locker:generateDebugRFile UP-TO-DATE
> Task :react-native-community_datetimepicker:javaPreCompileDebug UP-TO-DATE
> Task :op-engineering_op-sqlite:parseDebugLocalResources UP-TO-DATE
> Task :react-native-vector-icons:javaPreCompileDebug UP-TO-DATE
> Task :react-native-gesture-handler:javaPreCompileDebug UP-TO-DATE
> Task :react-native-picker_picker:javaPreCompileDebug UP-TO-DATE
> Task :react-native-orientation-locker:generateDebugBuildConfig UP-TO-DATE
> Task :react-native-gesture-handler:mergeDebugShaders UP-TO-DATE
> Task :react-native-gesture-handler:compileDebugShaders NO-SOURCE
> Task :react-native-gesture-handler:generateDebugAssets UP-TO-DATE
> Task :react-native-orientation-locker:javaPreCompileDebug UP-TO-DATE
> Task :react-native-gesture-handler:packageDebugAssets UP-TO-DATE
> Task :react-native-gesture-handler:mergeDebugJniLibFolders UP-TO-DATE
> Task :react-native-gesture-handler:mergeDebugNativeLibs NO-SOURCE
> Task :react-native-safe-area-context:parseDebugLocalResources UP-TO-DATE
> Task :react-native-gesture-handler:copyDebugJniLibsProjectOnly UP-TO-DATE
> Task :react-native-gesture-handler:stripDebugDebugSymbols NO-SOURCE
> Task :react-native-gesture-handler:copyDebugJniLibsProjectAndLocalJars UP-TO-DATE
> Task :react-native-safe-area-context:generateDebugRFile UP-TO-DATE
> Task :react-native-gesture-handler:extractDeepLinksForAarDebug UP-TO-DATE
> Task :react-native-gesture-handler:prepareDebugArtProfile UP-TO-DATE
> Task :react-native-safe-area-context:checkKotlinGradlePluginConfigurationErrors SKIPPED
> Task :react-native-gesture-handler:prepareLintJarForPublish UP-TO-DATE
> Task :react-native-safe-area-context:generateDebugBuildConfig UP-TO-DATE
> Task :react-native-orientation-locker:compileDebugJavaWithJavac UP-TO-DATE
> Task :react-native-svg:compileDebugJavaWithJavac UP-TO-DATE
> Task :react-native-picker_picker:compileDebugJavaWithJavac UP-TO-DATE
> Task :react-native-vector-icons:compileDebugJavaWithJavac UP-TO-DATE
> Task :react-native-orientation-locker:bundleLibCompileToJarDebug UP-TO-DATE
> Task :react-native-svg:bundleLibCompileToJarDebug UP-TO-DATE
> Task :react-native-picker_picker:bundleLibCompileToJarDebug UP-TO-DATE
> Task :react-native-picker_picker:mergeDebugShaders UP-TO-DATE
> Task :react-native-orientation-locker:mergeDebugShaders UP-TO-DATE
> Task :react-native-picker_picker:compileDebugShaders NO-SOURCE
> Task :react-native-picker_picker:generateDebugAssets UP-TO-DATE
> Task :react-native-orientation-locker:compileDebugShaders NO-SOURCE
> Task :react-native-vector-icons:bundleLibCompileToJarDebug UP-TO-DATE
> Task :react-native-orientation-locker:generateDebugAssets UP-TO-DATE
> Task :react-native-picker_picker:packageDebugAssets UP-TO-DATE
> Task :react-native-svg:mergeDebugShaders UP-TO-DATE
> Task :react-native-orientation-locker:packageDebugAssets UP-TO-DATE
> Task :react-native-vector-icons:mergeDebugShaders UP-TO-DATE
> Task :react-native-svg:compileDebugShaders NO-SOURCE
> Task :react-native-svg:generateDebugAssets UP-TO-DATE
> Task :react-native-vector-icons:compileDebugShaders NO-SOURCE
> Task :react-native-vector-icons:generateDebugAssets UP-TO-DATE
> Task :react-native-picker_picker:bundleLibRuntimeToJarDebug UP-TO-DATE
> Task :react-native-svg:packageDebugAssets UP-TO-DATE
> Task :react-native-vector-icons:packageDebugAssets UP-TO-DATE
> Task :react-native-orientation-locker:bundleLibRuntimeToJarDebug UP-TO-DATE
> Task :react-native-svg:bundleLibRuntimeToJarDebug UP-TO-DATE
> Task :react-native-vector-icons:bundleLibRuntimeToJarDebug UP-TO-DATE
> Task :react-native-orientation-locker:processDebugJavaRes NO-SOURCE
> Task :react-native-svg:processDebugJavaRes NO-SOURCE
> Task :react-native-vector-icons:processDebugJavaRes NO-SOURCE
> Task :react-native-picker_picker:processDebugJavaRes NO-SOURCE
> Task :react-native-orientation-locker:bundleLibRuntimeToDirDebug UP-TO-DATE
> Task :react-native-picker_picker:bundleLibRuntimeToDirDebug UP-TO-DATE
> Task :react-native-background-fetch:compileDebugJavaWithJavac UP-TO-DATE
> Task :react-native-picker_picker:mergeDebugJniLibFolders UP-TO-DATE
> Task :react-native-svg:bundleLibRuntimeToDirDebug UP-TO-DATE
> Task :react-native-vector-icons:bundleLibRuntimeToDirDebug UP-TO-DATE
> Task :react-native-community_datetimepicker:compileDebugJavaWithJavac UP-TO-DATE
> Task :react-native-community_datetimepicker:bundleLibCompileToJarDebug UP-TO-DATE
> Task :react-native-picker_picker:mergeDebugNativeLibs NO-SOURCE
> Task :react-native-background-fetch:bundleLibCompileToJarDebug UP-TO-DATE
> Task :react-native-battery-optimization-check:compileDebugJavaWithJavac UP-TO-DATE
> Task :react-native-community_datetimepicker:mergeDebugShaders UP-TO-DATE
> Task :react-native-battery-optimization-check:bundleLibCompileToJarDebug UP-TO-DATE
> Task :react-native-picker_picker:copyDebugJniLibsProjectOnly UP-TO-DATE
> Task :react-native-community_datetimepicker:compileDebugShaders NO-SOURCE
> Task :react-native-community_datetimepicker:generateDebugAssets UP-TO-DATE
> Task :react-native-background-fetch:mergeDebugShaders UP-TO-DATE
> Task :react-native-battery-optimization-check:mergeDebugShaders UP-TO-DATE
> Task :react-native-vector-icons:mergeDebugJniLibFolders UP-TO-DATE
> Task :react-native-background-fetch:compileDebugShaders NO-SOURCE
> Task :react-native-community_datetimepicker:packageDebugAssets UP-TO-DATE
> Task :react-native-battery-optimization-check:compileDebugShaders NO-SOURCE
> Task :react-native-battery-optimization-check:generateDebugAssets UP-TO-DATE
> Task :react-native-community_datetimepicker:bundleLibRuntimeToJarDebug UP-TO-DATE
> Task :react-native-vector-icons:mergeDebugNativeLibs NO-SOURCE
> Task :react-native-background-fetch:generateDebugAssets UP-TO-DATE
> Task :react-native-battery-optimization-check:packageDebugAssets UP-TO-DATE
> Task :react-native-community_datetimepicker:processDebugJavaRes NO-SOURCE
> Task :react-native-background-fetch:packageDebugAssets UP-TO-DATE
> Task :react-native-battery-optimization-check:bundleLibRuntimeToJarDebug UP-TO-DATE
> Task :react-native-background-fetch:bundleLibRuntimeToJarDebug UP-TO-DATE
> Task :react-native-community_datetimepicker:bundleLibRuntimeToDirDebug UP-TO-DATE
> Task :react-native-background-fetch:processDebugJavaRes NO-SOURCE
> Task :react-native-battery-optimization-check:processDebugJavaRes NO-SOURCE
> Task :react-native-background-fetch:bundleLibRuntimeToDirDebug UP-TO-DATE
> Task :react-native-battery-optimization-check:bundleLibRuntimeToDirDebug UP-TO-DATE
> Task :react-native-community_datetimepicker:mergeDebugJniLibFolders UP-TO-DATE
> Task :react-native-background-fetch:mergeDebugJniLibFolders UP-TO-DATE
> Task :react-native-battery-optimization-check:mergeDebugJniLibFolders UP-TO-DATE
> Task :react-native-vector-icons:copyDebugJniLibsProjectOnly UP-TO-DATE
> Task :react-native-community_datetimepicker:mergeDebugNativeLibs NO-SOURCE
> Task :react-native-battery-optimization-check:mergeDebugNativeLibs NO-SOURCE
> Task :react-native-background-fetch:mergeDebugNativeLibs NO-SOURCE
> Task :react-native-picker_picker:stripDebugDebugSymbols NO-SOURCE
> Task :react-native-background-fetch:copyDebugJniLibsProjectOnly UP-TO-DATE
> Task :react-native-battery-optimization-check:copyDebugJniLibsProjectOnly UP-TO-DATE
> Task :react-native-community_datetimepicker:copyDebugJniLibsProjectOnly UP-TO-DATE
> Task :react-native-picker_picker:copyDebugJniLibsProjectAndLocalJars UP-TO-DATE
> Task :react-native-background-fetch:stripDebugDebugSymbols NO-SOURCE
> Task :react-native-battery-optimization-check:stripDebugDebugSymbols NO-SOURCE
> Task :react-native-community_datetimepicker:stripDebugDebugSymbols NO-SOURCE
> Task :react-native-background-fetch:copyDebugJniLibsProjectAndLocalJars UP-TO-DATE
> Task :react-native-battery-optimization-check:copyDebugJniLibsProjectAndLocalJars UP-TO-DATE
> Task :react-native-community_datetimepicker:copyDebugJniLibsProjectAndLocalJars UP-TO-DATE
> Task :react-native-vector-icons:stripDebugDebugSymbols NO-SOURCE
> Task :react-native-vector-icons:copyDebugJniLibsProjectAndLocalJars UP-TO-DATE
> Task :react-native-vector-icons:extractDebugAnnotations UP-TO-DATE
> Task :react-native-vector-icons:extractDeepLinksForAarDebug UP-TO-DATE
> Task :react-native-vector-icons:mergeDebugGeneratedProguardFiles UP-TO-DATE
> Task :react-native-vector-icons:mergeDebugConsumerProguardFiles UP-TO-DATE
> Task :react-native-vector-icons:prepareDebugArtProfile UP-TO-DATE
> Task :react-native-svg:mergeDebugJniLibFolders UP-TO-DATE
> Task :react-native-vector-icons:prepareLintJarForPublish UP-TO-DATE
> Task :react-native-svg:mergeDebugNativeLibs NO-SOURCE
> Task :react-native-svg:copyDebugJniLibsProjectOnly UP-TO-DATE
> Task :react-native-battery-optimization-check:extractDebugAnnotations UP-TO-DATE
> Task :react-native-svg:stripDebugDebugSymbols NO-SOURCE
> Task :react-native-vector-icons:mergeDebugJavaResource UP-TO-DATE
> Task :react-native-svg:copyDebugJniLibsProjectAndLocalJars UP-TO-DATE
> Task :react-native-battery-optimization-check:extractDeepLinksForAarDebug UP-TO-DATE
> Task :react-native-battery-optimization-check:mergeDebugGeneratedProguardFiles UP-TO-DATE
> Task :react-native-vector-icons:syncDebugLibJars UP-TO-DATE
> Task :react-native-battery-optimization-check:mergeDebugConsumerProguardFiles UP-TO-DATE
> Task :react-native-vector-icons:bundleDebugAar UP-TO-DATE
> Task :react-native-vector-icons:assembleDebug UP-TO-DATE
> Task :react-native-svg:extractDebugAnnotations UP-TO-DATE
> Task :react-native-svg:extractDeepLinksForAarDebug UP-TO-DATE
> Task :react-native-svg:mergeDebugGeneratedProguardFiles UP-TO-DATE
> Task :react-native-svg:mergeDebugConsumerProguardFiles UP-TO-DATE
> Task :react-native-svg:prepareDebugArtProfile UP-TO-DATE
> Task :react-native-svg:prepareLintJarForPublish UP-TO-DATE
> Task :react-native-svg:mergeDebugJavaResource UP-TO-DATE
> Task :react-native-svg:syncDebugLibJars UP-TO-DATE
> Task :react-native-svg:bundleDebugAar UP-TO-DATE
> Task :react-native-svg:assembleDebug UP-TO-DATE
> Task :react-native-background-fetch:extractDebugAnnotations UP-TO-DATE
> Task :react-native-background-fetch:extractDeepLinksForAarDebug UP-TO-DATE
> Task :react-native-picker_picker:extractDebugAnnotations UP-TO-DATE
> Task :react-native-community_datetimepicker:extractDebugAnnotations UP-TO-DATE
> Task :react-native-picker_picker:extractDeepLinksForAarDebug UP-TO-DATE
> Task :react-native-picker_picker:mergeDebugGeneratedProguardFiles UP-TO-DATE
> Task :react-native-battery-optimization-check:prepareDebugArtProfile UP-TO-DATE
> Task :react-native-community_datetimepicker:extractDeepLinksForAarDebug UP-TO-DATE
> Task :react-native-picker_picker:mergeDebugConsumerProguardFiles UP-TO-DATE
> Task :react-native-community_datetimepicker:mergeDebugGeneratedProguardFiles UP-TO-DATE
> Task :react-native-battery-optimization-check:prepareLintJarForPublish UP-TO-DATE
> Task :react-native-picker_picker:prepareDebugArtProfile UP-TO-DATE
> Task :react-native-community_datetimepicker:mergeDebugConsumerProguardFiles UP-TO-DATE
> Task :react-native-battery-optimization-check:mergeDebugJavaResource UP-TO-DATE
> Task :react-native-picker_picker:prepareLintJarForPublish UP-TO-DATE
> Task :react-native-community_datetimepicker:prepareDebugArtProfile UP-TO-DATE
> Task :react-native-battery-optimization-check:syncDebugLibJars UP-TO-DATE
> Task :react-native-picker_picker:mergeDebugJavaResource UP-TO-DATE
> Task :react-native-community_datetimepicker:prepareLintJarForPublish UP-TO-DATE
> Task :react-native-picker_picker:syncDebugLibJars UP-TO-DATE
> Task :react-native-battery-optimization-check:bundleDebugAar UP-TO-DATE
> Task :react-native-battery-optimization-check:assembleDebug UP-TO-DATE
> Task :react-native-community_datetimepicker:mergeDebugJavaResource UP-TO-DATE
> Task :react-native-picker_picker:bundleDebugAar UP-TO-DATE
> Task :react-native-picker_picker:assembleDebug UP-TO-DATE
> Task :react-native-community_datetimepicker:syncDebugLibJars UP-TO-DATE
> Task :react-native-community_datetimepicker:bundleDebugAar UP-TO-DATE
> Task :react-native-community_datetimepicker:assembleDebug UP-TO-DATE
> Task :notifee_react-native:compileDebugJavaWithJavac UP-TO-DATE
> Task :notifee_react-native:bundleLibCompileToJarDebug UP-TO-DATE
> Task :notifee_react-native:mergeDebugShaders UP-TO-DATE
> Task :notifee_react-native:compileDebugShaders NO-SOURCE
> Task :notifee_react-native:generateDebugAssets UP-TO-DATE
> Task :notifee_react-native:packageDebugAssets UP-TO-DATE
> Task :notifee_react-native:bundleLibRuntimeToJarDebug UP-TO-DATE
> Task :notifee_react-native:processDebugJavaRes NO-SOURCE
> Task :notifee_react-native:bundleLibRuntimeToDirDebug UP-TO-DATE
> Task :notifee_react-native:mergeDebugJniLibFolders UP-TO-DATE
> Task :notifee_react-native:mergeDebugNativeLibs NO-SOURCE
> Task :notifee_react-native:copyDebugJniLibsProjectOnly UP-TO-DATE
> Task :notifee_react-native:stripDebugDebugSymbols NO-SOURCE
> Task :notifee_react-native:copyDebugJniLibsProjectAndLocalJars UP-TO-DATE
> Task :notifee_react-native:extractDebugAnnotations UP-TO-DATE
> Task :notifee_react-native:extractDeepLinksForAarDebug UP-TO-DATE
> Task :notifee_react-native:mergeDebugGeneratedProguardFiles UP-TO-DATE
> Task :notifee_react-native:mergeDebugConsumerProguardFiles UP-TO-DATE
> Task :notifee_react-native:prepareDebugArtProfile UP-TO-DATE
> Task :notifee_react-native:prepareLintJarForPublish UP-TO-DATE
> Task :notifee_react-native:mergeDebugJavaResource UP-TO-DATE
> Task :notifee_react-native:syncDebugLibJars UP-TO-DATE
> Task :notifee_react-native:bundleDebugAar UP-TO-DATE
> Task :notifee_react-native:assembleDebug UP-TO-DATE
> Task :op-engineering_op-sqlite:generateDebugRFile UP-TO-DATE
> Task :op-engineering_op-sqlite:checkKotlinGradlePluginConfigurationErrors SKIPPED
> Task :app:checkDebugAarMetadata UP-TO-DATE
> Task :react-native-orientation-locker:mergeDebugJniLibFolders UP-TO-DATE
> Task :op-engineering_op-sqlite:generateDebugBuildConfig UP-TO-DATE
> Task :react-native-background-fetch:mergeDebugGeneratedProguardFiles UP-TO-DATE
> Task :react-native-orientation-locker:mergeDebugNativeLibs NO-SOURCE
> Task :react-native-background-fetch:mergeDebugConsumerProguardFiles UP-TO-DATE
> Task :react-native-orientation-locker:copyDebugJniLibsProjectOnly UP-TO-DATE
> Task :react-native-background-fetch:prepareDebugArtProfile UP-TO-DATE
> Task :react-native-orientation-locker:stripDebugDebugSymbols NO-SOURCE
> Task :react-native-background-fetch:prepareLintJarForPublish UP-TO-DATE
> Task :react-native-orientation-locker:copyDebugJniLibsProjectAndLocalJars UP-TO-DATE
> Task :react-native-file-access:compileDebugKotlin UP-TO-DATE
> Task :react-native-safe-area-context:compileDebugKotlin UP-TO-DATE
> Task :react-native-documents_picker:compileDebugKotlin UP-TO-DATE
> Task :react-native-safe-area-context:javaPreCompileDebug UP-TO-DATE
> Task :react-native-documents_picker:javaPreCompileDebug UP-TO-DATE
> Task :react-native-gesture-handler:compileDebugKotlin UP-TO-DATE
> Task :react-native-background-fetch:mergeDebugJavaResource UP-TO-DATE
> Task :react-native-file-access:javaPreCompileDebug UP-TO-DATE
> Task :react-native-background-fetch:syncDebugLibJars UP-TO-DATE
> Task :react-native-background-fetch:bundleDebugAar UP-TO-DATE
> Task :react-native-orientation-locker:extractDebugAnnotations UP-TO-DATE
> Task :react-native-orientation-locker:extractDeepLinksForAarDebug UP-TO-DATE
> Task :react-native-background-fetch:assembleDebug UP-TO-DATE
> Task :react-native-file-access:compileDebugJavaWithJavac UP-TO-DATE
> Task :react-native-safe-area-context:compileDebugJavaWithJavac UP-TO-DATE
> Task :react-native-documents_picker:compileDebugJavaWithJavac UP-TO-DATE
> Task :react-native-orientation-locker:mergeDebugGeneratedProguardFiles UP-TO-DATE
> Task :react-native-gesture-handler:compileDebugJavaWithJavac UP-TO-DATE
> Task :react-native-orientation-locker:mergeDebugConsumerProguardFiles UP-TO-DATE
> Task :react-native-safe-area-context:bundleLibCompileToJarDebug UP-TO-DATE
> Task :react-native-documents_picker:bundleLibCompileToJarDebug UP-TO-DATE
> Task :react-native-gesture-handler:bundleLibCompileToJarDebug UP-TO-DATE
> Task :react-native-file-access:bundleLibCompileToJarDebug UP-TO-DATE
> Task :react-native-safe-area-context:mergeDebugShaders UP-TO-DATE
> Task :react-native-orientation-locker:prepareDebugArtProfile UP-TO-DATE
> Task :react-native-documents_picker:mergeDebugShaders UP-TO-DATE
> Task :react-native-gesture-handler:bundleLibRuntimeToJarDebug UP-TO-DATE
> Task :react-native-safe-area-context:compileDebugShaders NO-SOURCE
> Task :react-native-safe-area-context:generateDebugAssets UP-TO-DATE
> Task :react-native-documents_picker:compileDebugShaders NO-SOURCE
> Task :react-native-file-access:mergeDebugShaders UP-TO-DATE
> Task :react-native-documents_picker:generateDebugAssets UP-TO-DATE
> Task :react-native-orientation-locker:prepareLintJarForPublish UP-TO-DATE
> Task :react-native-safe-area-context:packageDebugAssets UP-TO-DATE
> Task :react-native-file-access:compileDebugShaders NO-SOURCE
> Task :react-native-documents_picker:packageDebugAssets UP-TO-DATE
> Task :react-native-file-access:generateDebugAssets UP-TO-DATE
> Task :react-native-safe-area-context:bundleLibRuntimeToJarDebug UP-TO-DATE
> Task :react-native-gesture-handler:processDebugJavaRes UP-TO-DATE
> Task :react-native-documents_picker:bundleLibRuntimeToJarDebug UP-TO-DATE
> Task :react-native-file-access:packageDebugAssets UP-TO-DATE
> Task :app:mapDebugSourceSetPaths UP-TO-DATE
> Task :react-native-orientation-locker:mergeDebugJavaResource UP-TO-DATE
> Task :react-native-safe-area-context:processDebugJavaRes UP-TO-DATE
> Task :react-native-file-access:bundleLibRuntimeToJarDebug UP-TO-DATE
> Task :app:generateDebugResources UP-TO-DATE
> Task :react-native-orientation-locker:syncDebugLibJars UP-TO-DATE
> Task :react-native-documents_picker:processDebugJavaRes UP-TO-DATE
> Task :react-native-orientation-locker:bundleDebugAar UP-TO-DATE
> Task :react-native-safe-area-context:bundleLibRuntimeToDirDebug UP-TO-DATE
> Task :react-native-orientation-locker:assembleDebug UP-TO-DATE
> Task :op-engineering_op-sqlite:compileDebugKotlin UP-TO-DATE
> Task :op-engineering_op-sqlite:javaPreCompileDebug UP-TO-DATE
> Task :react-native-safe-area-context:mergeDebugJniLibFolders UP-TO-DATE
> Task :react-native-gesture-handler:bundleLibRuntimeToDirDebug UP-TO-DATE
> Task :react-native-documents_picker:bundleLibRuntimeToDirDebug UP-TO-DATE
> Task :react-native-safe-area-context:mergeDebugNativeLibs NO-SOURCE
> Task :react-native-file-access:processDebugJavaRes UP-TO-DATE
> Task :react-native-safe-area-context:copyDebugJniLibsProjectOnly UP-TO-DATE
> Task :react-native-safe-area-context:stripDebugDebugSymbols NO-SOURCE
> Task :react-native-file-access:bundleLibRuntimeToDirDebug UP-TO-DATE
> Task :react-native-documents_picker:mergeDebugJniLibFolders UP-TO-DATE
> Task :react-native-safe-area-context:copyDebugJniLibsProjectAndLocalJars UP-TO-DATE
> Task :react-native-file-access:mergeDebugJniLibFolders UP-TO-DATE
> Task :react-native-documents_picker:mergeDebugNativeLibs NO-SOURCE
> Task :react-native-file-access:mergeDebugNativeLibs NO-SOURCE
> Task :react-native-gesture-handler:extractDebugAnnotations UP-TO-DATE
> Task :react-native-documents_picker:copyDebugJniLibsProjectOnly UP-TO-DATE
> Task :react-native-file-access:copyDebugJniLibsProjectOnly UP-TO-DATE
> Task :op-engineering_op-sqlite:compileDebugJavaWithJavac UP-TO-DATE
> Task :react-native-documents_picker:stripDebugDebugSymbols NO-SOURCE
> Task :react-native-gesture-handler:mergeDebugGeneratedProguardFiles UP-TO-DATE
> Task :react-native-file-access:stripDebugDebugSymbols NO-SOURCE
> Task :op-engineering_op-sqlite:bundleLibCompileToJarDebug UP-TO-DATE
> Task :react-native-documents_picker:copyDebugJniLibsProjectAndLocalJars UP-TO-DATE
> Task :react-native-file-access:copyDebugJniLibsProjectAndLocalJars UP-TO-DATE
> Task :react-native-gesture-handler:mergeDebugConsumerProguardFiles UP-TO-DATE
> Task :op-engineering_op-sqlite:mergeDebugShaders UP-TO-DATE
> Task :op-engineering_op-sqlite:compileDebugShaders NO-SOURCE
> Task :op-engineering_op-sqlite:generateDebugAssets UP-TO-DATE
> Task :react-native-gesture-handler:mergeDebugJavaResource UP-TO-DATE
> Task :op-engineering_op-sqlite:packageDebugAssets UP-TO-DATE
> Task :react-native-gesture-handler:syncDebugLibJars UP-TO-DATE
> Task :react-native-file-access:extractDebugAnnotations UP-TO-DATE
> Task :op-engineering_op-sqlite:bundleLibRuntimeToJarDebug UP-TO-DATE
> Task :react-native-documents_picker:extractDebugAnnotations UP-TO-DATE
> Task :react-native-file-access:extractDeepLinksForAarDebug UP-TO-DATE
> Task :react-native-documents_picker:extractDeepLinksForAarDebug UP-TO-DATE
> Task :react-native-gesture-handler:bundleDebugAar UP-TO-DATE
> Task :react-native-gesture-handler:assembleDebug UP-TO-DATE
> Task :react-native-file-access:mergeDebugGeneratedProguardFiles UP-TO-DATE
> Task :react-native-documents_picker:mergeDebugGeneratedProguardFiles UP-TO-DATE
> Task :op-engineering_op-sqlite:processDebugJavaRes UP-TO-DATE
> Task :react-native-file-access:mergeDebugConsumerProguardFiles UP-TO-DATE
> Task :react-native-documents_picker:mergeDebugConsumerProguardFiles UP-TO-DATE
> Task :op-engineering_op-sqlite:bundleLibRuntimeToDirDebug UP-TO-DATE
> Task :react-native-file-access:prepareDebugArtProfile UP-TO-DATE
> Task :react-native-safe-area-context:extractDebugAnnotations UP-TO-DATE
> Task :react-native-documents_picker:prepareDebugArtProfile UP-TO-DATE
> Task :react-native-file-access:prepareLintJarForPublish UP-TO-DATE
> Task :react-native-safe-area-context:extractDeepLinksForAarDebug UP-TO-DATE
> Task :react-native-documents_picker:prepareLintJarForPublish UP-TO-DATE
> Task :react-native-safe-area-context:mergeDebugGeneratedProguardFiles UP-TO-DATE
> Task :react-native-file-access:mergeDebugJavaResource UP-TO-DATE
> Task :react-native-documents_picker:mergeDebugJavaResource UP-TO-DATE
> Task :react-native-safe-area-context:mergeDebugConsumerProguardFiles UP-TO-DATE
> Task :react-native-file-access:syncDebugLibJars UP-TO-DATE
> Task :react-native-documents_picker:syncDebugLibJars UP-TO-DATE
> Task :react-native-safe-area-context:prepareDebugArtProfile UP-TO-DATE
> Task :app:mergeDebugResources UP-TO-DATE
> Task :react-native-safe-area-context:prepareLintJarForPublish UP-TO-DATE
> Task :react-native-documents_picker:bundleDebugAar UP-TO-DATE
> Task :react-native-file-access:bundleDebugAar UP-TO-DATE
> Task :react-native-documents_picker:assembleDebug UP-TO-DATE
> Task :react-native-file-access:assembleDebug UP-TO-DATE
> Task :react-native-safe-area-context:mergeDebugJavaResource UP-TO-DATE
> Task :react-native-safe-area-context:syncDebugLibJars UP-TO-DATE
> Task :app:packageDebugResources UP-TO-DATE
> Task :react-native-safe-area-context:bundleDebugAar UP-TO-DATE
> Task :react-native-safe-area-context:assembleDebug UP-TO-DATE
> Task :app:parseDebugLocalResources UP-TO-DATE
> Task :app:createDebugCompatibleScreenManifests UP-TO-DATE
> Task :app:extractDeepLinksDebug UP-TO-DATE
> Task :app:processDebugMainManifest UP-TO-DATE
> Task :app:processDebugManifest UP-TO-DATE
> Task :app:processDebugManifestForPackage UP-TO-DATE
> Task :app:processDebugResources UP-TO-DATE
> Task :app:compileDebugKotlin UP-TO-DATE
> Task :app:javaPreCompileDebug UP-TO-DATE
> Task :app:compileDebugJavaWithJavac UP-TO-DATE
> Task :app:mergeDebugShaders UP-TO-DATE
> Task :app:compileDebugShaders NO-SOURCE
> Task :app:copyReactNativeVectorIconFonts UP-TO-DATE
> Task :app:generateDebugAssets UP-TO-DATE
> Task :app:mergeDebugAssets UP-TO-DATE
> Task :app:compressDebugAssets UP-TO-DATE
> Task :app:desugarDebugFileDependencies UP-TO-DATE
> Task :app:dexBuilderDebug UP-TO-DATE
> Task :app:mergeDebugGlobalSynthetics UP-TO-DATE
> Task :app:processDebugJavaRes UP-TO-DATE
> Task :app:mergeDebugJavaResource UP-TO-DATE
> Task :app:checkDebugDuplicateClasses UP-TO-DATE

> Task :op-engineering_op-sqlite:configureCMakeDebug[arm64-v8a]
[CXX5304] This version only understands SDK XML versions up to 3 but an SDK XML file of version 4 was encountered. This can happen if you use versions of Android Studio and the command-line tools that were released at different times.
[CXX5304] This version only understands SDK XML versions up to 3 but an SDK XML file of version 4 was encountered. This can happen if you use versions of Android Studio and the command-line tools that were released at different times.

> Task :app:mergeExtDexDebug UP-TO-DATE
> Task :app:mergeLibDexDebug UP-TO-DATE
> Task :app:mergeProjectDexDebug UP-TO-DATE
> Task :app:mergeDebugJniLibFolders UP-TO-DATE
> Task :app:validateSigningDebug UP-TO-DATE
> Task :app:writeDebugAppMetadata UP-TO-DATE
> Task :app:writeDebugSigningConfigVersions UP-TO-DATE
> Task :op-engineering_op-sqlite:buildCMakeDebug[arm64-v8a]
> Task :op-engineering_op-sqlite:configureCMakeDebug[armeabi-v7a]
> Task :op-engineering_op-sqlite:buildCMakeDebug[armeabi-v7a]
> Task :op-engineering_op-sqlite:configureCMakeDebug[x86]
> Task :op-engineering_op-sqlite:buildCMakeDebug[x86]
> Task :op-engineering_op-sqlite:configureCMakeDebug[x86_64]
> Task :op-engineering_op-sqlite:buildCMakeDebug[x86_64]
> Task :op-engineering_op-sqlite:mergeDebugJniLibFolders UP-TO-DATE
> Task :op-engineering_op-sqlite:mergeDebugNativeLibs UP-TO-DATE
> Task :op-engineering_op-sqlite:copyDebugJniLibsProjectOnly UP-TO-DATE
> Task :op-engineering_op-sqlite:stripDebugDebugSymbols UP-TO-DATE
> Task :op-engineering_op-sqlite:copyDebugJniLibsProjectAndLocalJars UP-TO-DATE
> Task :op-engineering_op-sqlite:extractDebugAnnotations UP-TO-DATE
> Task :op-engineering_op-sqlite:extractDeepLinksForAarDebug UP-TO-DATE
> Task :op-engineering_op-sqlite:mergeDebugGeneratedProguardFiles UP-TO-DATE
> Task :op-engineering_op-sqlite:mergeDebugConsumerProguardFiles UP-TO-DATE
> Task :op-engineering_op-sqlite:externalNativeBuildDebug
> Task :op-engineering_op-sqlite:generateJsonModelDebug
> Task :op-engineering_op-sqlite:prefabDebugConfigurePackage UP-TO-DATE
> Task :op-engineering_op-sqlite:prefabDebugPackage UP-TO-DATE
> Task :app:mergeDebugNativeLibs UP-TO-DATE
> Task :op-engineering_op-sqlite:prepareDebugArtProfile UP-TO-DATE
> Task :op-engineering_op-sqlite:prepareLintJarForPublish UP-TO-DATE
> Task :op-engineering_op-sqlite:mergeDebugJavaResource UP-TO-DATE
> Task :app:stripDebugDebugSymbols UP-TO-DATE
> Task :op-engineering_op-sqlite:syncDebugLibJars UP-TO-DATE
> Task :op-engineering_op-sqlite:bundleDebugAar UP-TO-DATE
> Task :op-engineering_op-sqlite:assembleDebug UP-TO-DATE
> Task :app:packageDebug
> Task :app:createDebugApkListingFileRedirect UP-TO-DATE
> Task :app:assembleDebug

Deprecated Gradle features were used in this build, making it incompatible with Gradle 9.0.

You can use '--warning-mode all' to show the individual deprecation warnings and determine if they come from your own scripts or plugins.

For more on this, please refer to https://docs.gradle.org/8.10.2/userguide/command_line_interface.html#sec:command_line_warnings in the Gradle documentation.

BUILD SUCCESSFUL in 14s
452 actionable tasks: 10 executed, 442 up-to-date
